[integrothemes.com/arlo2/index.html]
[backblue.gif]
[fade.gif]
[index.html]
[integrothemes.com/arlo2/img/logo/mobile.png]
[integrothemes.com/arlo2/img/logo/logo.png]
[integrothemes.com/arlo2/img/logo/light.png]
[integrothemes.com/arlo2/img/about/500x500.jpg]
[integrothemes.com/arlo2/img/about/3.jpg]
[integrothemes.com/arlo2/img/about/550x650.jpg]
[integrothemes.com/arlo2/img/about/2.jpg]
[integrothemes.com/arlo2/portfolio-single.html]
[integrothemes.com/arlo2/img/portfolio/600x600.jpg]
[integrothemes.com/arlo2/img/portfolio/1.jpg]
[integrothemes.com/arlo2/portfolio-single-2.html]
[integrothemes.com/arlo2/img/portfolio/2.jpg]
[integrothemes.com/arlo2/portfolio-single-3.html]
[integrothemes.com/arlo2/img/portfolio/3.jpg]
[integrothemes.com/arlo2/portfolio-single-4.html]
[integrothemes.com/arlo2/img/portfolio/4.jpg]
[integrothemes.com/arlo2/portfolio-single-5.html]
[integrothemes.com/arlo2/img/portfolio/5.jpg]
[integrothemes.com/arlo2/portfolio-single-6.html]
[integrothemes.com/arlo2/img/portfolio/6.jpg]
[integrothemes.com/arlo2/img/about/1.png]
[integrothemes.com/arlo2/img/team/1.jpg]
[integrothemes.com/arlo2/img/about/4.jpg]
[integrothemes.com/arlo2/img/about/5.jpg]
[integrothemes.com/arlo2/img/slider/1.jpg]
[integrothemes.com/arlo2/img/news/300x200.jpg]
[integrothemes.com/arlo2/img/news/3.jpg]
[integrothemes.com/arlo2/news-single.html]
[integrothemes.com/arlo2/img/news/2.jpg]
[integrothemes.com/arlo2/news-single-2.html]
[integrothemes.com/arlo2/img/news/1.jpg]
[integrothemes.com/arlo2/news-single-3.html]
[integrothemes.com/arlo2/img/partners/1.png]
[integrothemes.com/arlo2/img/partners/2.png]
[integrothemes.com/arlo2/img/partners/3.png]
[integrothemes.com/arlo2/img/partners/4.png]
[integrothemes.com/arlo2/js/jquery.js]
[integrothemes.com/arlo2/js/plugins.js]
[integrothemes.com/arlo2/js/init.js]
[integrothemes.com/arlo2/index.html]
[integrothemes.com/arlo2/css/font/xcon8158.eot]
[integrothemes.com/arlo2/css/font/xcon8158.woff2]
[integrothemes.com/arlo2/css/font/xcon8158.woff]
[integrothemes.com/arlo2/css/font/xcon8158.ttf]
[integrothemes.com/arlo2/css/ytp-regular.3f.delayed]
[integrothemes.com/arlo2/css/ytp-regular.40.delayed]
[integrothemes.com/arlo2/images/raster.41.delayed]
[integrothemes.com/arlo2/images/raster@2x.42.delayed]
[integrothemes.com/arlo2/images/raster_dot.43.delayed]
[integrothemes.com/arlo2/images/raster_dot@2x.44.delayed]
[integrothemes.com/arlo2/css/mCSB_buttons.45.delayed]
[integrothemes.com/arlo2/css/owl.video.play.46.delayed]
[integrothemes.com/arlo2/css/overlays/02.47.delayed]
[integrothemes.com/arlo2/css/plugins.css]
[integrothemes.com/arlo2/img/shape/1.jpg]
[integrothemes.com/arlo2/img/clients/1.jpg]
[integrothemes.com/arlo2/img/slider/4.jpg]
[integrothemes.com/arlo2/css/style6.css]
[integrothemes.com/arlo2/img/svg/gift.svg]
[integrothemes.com/arlo2/img/svg/calendar.svg]
[integrothemes.com/arlo2/img/svg/placeholder.svg]
[integrothemes.com/arlo2/img/svg/console.svg]
[integrothemes.com/arlo2/img/svg/book.svg]
[integrothemes.com/arlo2/img/svg/graduation-hat.svg]
[integrothemes.com/arlo2/img/svg/message.svg]
[integrothemes.com/arlo2/img/svg/phone-call.svg]
[integrothemes.com/arlo2/img/news/1000x700.jpg]
[integrothemes.com/arlo2/portfolio-single.html]
[integrothemes.com/arlo2/img/slider/3.jpg]
[integrothemes.com/arlo2/portfolio-single-2.html]
[integrothemes.com/arlo2/portfolio-single-3.html]
[integrothemes.com/arlo2/portfolio-single-4.html]
[integrothemes.com/arlo2/img/slider/2.jpg]
[integrothemes.com/arlo2/img/slider/4-2.jpg]
[integrothemes.com/arlo2/portfolio-single-5.html]
[integrothemes.com/arlo2/portfolio-single-6.html]
[integrothemes.com/arlo2/img/svg/responsive.svg]
[integrothemes.com/arlo2/img/svg/suport.svg]
[integrothemes.com/arlo2/img/svg/safari.svg]
[integrothemes.com/arlo2/img/news/1000x500.jpg]
[integrothemes.com/arlo2/news-single.html]
[integrothemes.com/arlo2/news-single-2.html]
[integrothemes.com/arlo2/news-single-3.html]
[integrothemes.com/arlo2/img/svg/internet.svg]
[integrothemes.com/arlo2/img/svg/twitter.svg]
[integrothemes.com/arlo2/img/svg/facebook.svg]
[integrothemes.com/arlo2/img/svg/instagram.svg]
[integrothemes.com/arlo2/img/svg/whatsapp.svg]
[integrothemes.com/arlo2/css/font/xcon8158.svg]
[integrothemes.com/arlo2/css/ytp-regular.html]
[integrothemes.com/arlo2/css/ytp-regular-2.html]
[integrothemes.com/arlo2/images/raster.html]
[integrothemes.com/arlo2/images/raster@2x.html]
[integrothemes.com/arlo2/images/raster_dot.html]
[integrothemes.com/arlo2/images/raster_dot@2x.html]
[integrothemes.com/arlo2/css/mCSB_buttons.html]
[integrothemes.com/arlo2/css/owl.video.play.html]
[integrothemes.com/arlo2/css/overlays/02.html]
[integrothemes.com/arlo2/img/svg/list.svg]
[integrothemes.com/arlo2/img/svg/avatar.svg]
[integrothemes.com/arlo2/img/svg/search.svg]
